// Jest Snapshot v1, https://goo.gl/fbAQLP

exports[`<Container /> Snapshots should render 1`] = `
<DocumentFragment>
  <div
    class="root maxWidth"
  >
    container
  </div>
</DocumentFragment>
`;
