// Jest Snapshot v1, https://goo.gl/fbAQLP

exports[`<App /> Snapshots should render 1`] = `
<DocumentFragment>
  <div
    class="root"
  >
    <header
      class="header"
    >
      This is header
    </header>
    <main
      class="root maxWidth main"
    >
      App
    </main>
  </div>
</DocumentFragment>
`;
